// 重构日志: 43385cef
// 重构日志: 5d65884b
// 重构日志: 932862b4
// 同步 ID: e4d8af6e @ Thu Jul 30 14:02:29 UTC 2026
// 同步 ID: 6aa42ba4 @ Fri Jul 31 03:37:20 UTC 2026
// 重构日志: d66f0243
// 重构日志: 36fb0047
// 重构日志: 248e5209
// 重构日志: f65900d4
// 重构日志: 454aa0d4
// 重构日志: 40377c92
// 重构日志: d90348e9
// 重构日志: 8112fdd6
// 重构日志: ded8e09d
// 同步 ID: cb29ab81 @ Sun Aug  2 16:44:09 UTC 2026
// 同步 ID: 87564dd4 @ Mon Aug  3 21:13:02 UTC 2026
// 重构日志: 2a78bbec
// 同步 ID: 2383403e @ Wed Aug  5 00:28:47 UTC 2026
// 同步 ID: 5684afe8 @ Wed Aug  5 15:51:45 UTC 2026
// 同步 ID: 2c4142e0 @ Thu Aug  6 03:15:46 UTC 2026
// 同步 ID: 8c17919a @ Thu Aug  6 08:40:29 UTC 2026
// 同步 ID: 2f06f7d7 @ Fri Aug  7 03:49:53 UTC 2026
// 同步 ID: 072d59c2 @ Fri Aug  7 06:15:33 UTC 2026
// 同步 ID: 929f94f6 @ Fri Aug  7 14:00:28 UTC 2026
// 重构日志: 34205e44
// 重构日志: c67389b2
// 同步 ID: 79f1931d @ Sat Aug  8 05:50:57 UTC 2026
// 重构日志: 4e1d9c6c
// 同步 ID: 51e6ed9e @ Sat Aug  8 14:56:05 UTC 2026
// 同步 ID: 2c1dc179 @ Sat Aug  8 15:29:36 UTC 2026
// 重构日志: 03ce125a
